
> momentum-functions@1.0.0 test
> jest --config ./jest.config.js --runInBand

npm : ts-jest[ts-jest-
transformer] (WARN) 
Define `ts-jest` 
config under 
`globals` is 
deprecated. Please do
No linha:1 caractere:1
+ npm run test -- 
--runInBand > 
../test_errors.txt 
2>&1
+ ~~~~~~~~~~~~~~~~~~~~
~~~~~~~~~~~~~~~~~~~~~~
~~~~~~~~~~~
    + CategoryInfo    
          : NotSpeci  
  fied: (ts-jest[ts   
 -jest...ated. Ple    
ase do:String) []    
, RemoteException
    + FullyQualifiedE 
   rrorId : NativeCo  
  mmandError
 
transform: {
    
<transform_regex>: 
['ts-jest', { /* 
ts-jest config goes 
here in Jest */ }],
},
See more at https://ku
lshekhar.github.io/ts-
jest/docs/getting-star
ted/presets#advanced
FAIL tests/public-sign
up.test.ts (8.695 s)
  ÔùÅ Public signup 
ÔÇ║ cria tenant + 
member com status 
active e email





FAIL tests/compliance.
test.ts
  ÔùÅ Compliance ÔÇ║ 
registra consentimento





FAIL 
tests/billing.test.ts
  ÔùÅ Billing ÔÇ║ 
reporta uso com 
sucesso





FAIL tests/ai.test.ts
  ÔùÅ AI Insights ÔÇ║ 
gera insights v├ílidos





PASS tests/cfo-summary
.test.ts
PASS tests/withTenant-
legacy-status.test.ts
  ÔùÅ Console

    console.warn
      [TENANT_MEMBER_M
ISSING_STATUS] { 
tenantId: 't1', uid: 
'u1', traceId: null }

    [0m [90m 168 
|[39m
     [90m 169 |[39m 
    [36mif[39m ([33
m![39mmemberStatus) {
    [31m[1m>[22m[3
9m[90m 170 |[39m    
   console[33m.[39mw
arn([32m"[TENANT_MEMB
ER_MISSING_STATUS]"[3
9m[33m,[39m {
     [90m     |[39m 
              
[31m[1m^[22m[39m
     [90m 171 |[39m 
        
tenantId[33m,[39m
     [90m 172 |[39m 
        
uid[33m:[39m req[33
m.[39muser[33m?[39m
[33m.[39muid 
[33m||[39m [36mnull
[39m[33m,[39m
     [90m 173 |[39m 
        
traceId[33m:[39m 
(req [36mas[39m any)
[33m.[39mtraceId 
[33m||[39m [36mnull
[39m[33m,[39m[0m

      at withTenant (s
rc/middleware/withTena
nt.ts:170:15)

PASS tests/rateLimit.t
est.ts
  ÔùÅ Console

    console.error
      {"level":"error"
,"type":"rate_limit_er
ror","err":"Error: 
Firestore 
unavailable"}

    [0m [90m 151 
|[39m       
[36mreturn[39m 
next()[33m;[39m
     [90m 152 |[39m 
    } [36mcatch[39m 
(e) {
    [31m[1m>[22m[3
9m[90m 153 |[39m    
   console[33m.[39me
rror([33mJSON[39m[3
3m.[39mstringify({ 
level[33m:[39m [32m
"error"[39m[33m,[39
m type[33m:[39m [32
m"rate_limit_error"[3
9m[33m,[39m 
err[33m:[39m 
[33mString[39m(e) 
}))[33m;[39m
     [90m     |[39m 
              
[31m[1m^[22m[39m
     [90m 154 |[39m
     [90m 155 |[39m 
      [90m// 
FALLBACK 
STRATEGY:[39m
     [90m 156 |[39m 
      [90m// Check 
if this is a critical 
route that should 
fail-closed[39m[0m

      at rateLimit (sr
c/middleware/rateLimit
.ts:153:15)
      at 
Object.<anonymous> (te
sts/rateLimit.test.ts:
72:9)

    console.warn
      {"level":"warn",
"type":"rate_limit_fai
l_closed","path":"/api
/billing/charge","reas
on":"Firestore 
unavailable for 
critical route"}

    [0m [90m 159 
|[39m       
[36mif[39m 
(isCritical) {
     [90m 160 |[39m 
        [90m// 
FAIL-CLOSED: Deny 
request on critical 
routes when Firestore 
fails[39m
    [31m[1m>[22m[3
9m[90m 161 |[39m    
     console[33m.[39
mwarn([33mJSON[39m[
33m.[39mstringify({
     [90m     |[39m 
                
[31m[1m^[22m[39m
     [90m 162 |[39m 
          
level[33m:[39m [32m
"warn"[39m[33m,[39m
     [90m 163 |[39m 
          
type[33m:[39m [32m"
rate_limit_fail_closed
"[39m[33m,[39m
     [90m 164 |[39m 
          
path[33m:[39m req[3
3m.[39mpath[33m,[39
m[0m

      at rateLimit (sr
c/middleware/rateLimit
.ts:161:17)
      at 
Object.<anonymous> (te
sts/rateLimit.test.ts:
72:9)

    console.error
      {"level":"error"
,"type":"rate_limit_er
ror","err":"Error: 
Firestore 
unavailable"}

    [0m [90m 151 
|[39m       
[36mreturn[39m 
next()[33m;[39m
     [90m 152 |[39m 
    } [36mcatch[39m 
(e) {
    [31m[1m>[22m[3
9m[90m 153 |[39m    
   console[33m.[39me
rror([33mJSON[39m[3
3m.[39mstringify({ 
level[33m:[39m [32m
"error"[39m[33m,[39
m type[33m:[39m [32
m"rate_limit_error"[3
9m[33m,[39m 
err[33m:[39m 
[33mString[39m(e) 
}))[33m;[39m
     [90m     |[39m 
              
[31m[1m^[22m[39m
     [90m 154 |[39m
     [90m 155 |[39m 
      [90m// 
FALLBACK 
STRATEGY:[39m
     [90m 156 |[39m 
      [90m// Check 
if this is a critical 
route that should 
fail-closed[39m[0m

      at rateLimit (sr
c/middleware/rateLimit
.ts:153:15)
      at 
Object.<anonymous> (te
sts/rateLimit.test.ts:
90:9)

    console.info
      {"level":"info",
"type":"rate_limit_mem
ory_fallback_ok","path
":"/api/public/status"
}

      at rateLimit (sr
c/middleware/rateLimit
.ts:198:17)

PASS 
tests/utils.test.ts
FAIL tests/cfo-ai-repo
rt.test.ts
  ÔùÅ Test suite 
failed to run

    [96mtests/mocks/f
irebase.ts[0m:[93m11
6[0m:[93m3[0m - 
[91merror[0m[90m 
TS2322: [0mType 
'Mock<(field: 
unknown, op: unknown, 
val: unknown) => 
any>' is not 
assignable to type '{ 
(fieldPath: string | 
FieldPath, opStr: 
WhereFilterOp, value: 
any): 
Query<DocumentData, 
DocumentData>; 
(filter: Filter): 
Query<...>; }'.
      Target 
signature provides 
too few arguments. 
Expected 3 or more, 
but got 1.

    [7m116[0m   
where: 
jest.fn((field, op, 
val) => makeQuery(path
).where(field, op, 
val)),
    [7m   [0m [91m 
 ~~~~~[0m

      [96mnode_module
s/@google-cloud/firest
ore/types/firestore.d.
ts[0m:[93m1738[0m:
[93m5[0m
        [7m1738[0m  
   where(
        [7m    [0m 
[96m    ~~~~~[0m
        The expected 
type comes from 
property 'where' 
which is declared 
here on type 'Partial<
CollectionReference<Do
cumentData, 
DocumentData>>'

FAIL tests/billing-usa
ge.test.ts
  ÔùÅ Test suite 
failed to run

    [96mtests/mocks/f
irebase.ts[0m:[93m11
6[0m:[93m3[0m - 
[91merror[0m[90m 
TS2322: [0mType 
'Mock<(field: 
unknown, op: unknown, 
val: unknown) => 
any>' is not 
assignable to type '{ 
(fieldPath: string | 
FieldPath, opStr: 
WhereFilterOp, value: 
any): 
Query<DocumentData, 
DocumentData>; 
(filter: Filter): 
Query<...>; }'.
      Target 
signature provides 
too few arguments. 
Expected 3 or more, 
but got 1.

    [7m116[0m   
where: 
jest.fn((field, op, 
val) => makeQuery(path
).where(field, op, 
val)),
    [7m   [0m [91m 
 ~~~~~[0m

      [96mnode_module
s/@google-cloud/firest
ore/types/firestore.d.
ts[0m:[93m1738[0m:
[93m5[0m
        [7m1738[0m  
   where(
        [7m    [0m 
[96m    ~~~~~[0m
        The expected 
type comes from 
property 'where' 
which is declared 
here on type 'Partial<
CollectionReference<Do
cumentData, 
DocumentData>>'

Test Suites: 6 
failed, 4 passed, 10 
total
Tests:       4 
failed, 5 passed, 9 
total
Snapshots:   0 total
Time:        11.083 s
Ran all test suites.
